node.exe : Warning: Custom 
Cache-Control headers detected 
for the following routes:
At line:1 char:1
+ & "C:\Program 
Files\nodejs/node.exe" 
"C:\Users\DELL\AppData\Roaming\n 
...
+ ~~~~~~~~~~~~~~~~~~~~~~~~~~~~~~~~
~~~~~~~~~~~~~~~~~~~~~~~~~~~~~~~~~~
~~~
    + CategoryInfo          : Not 
   Specified: (Warning: Custom..  
  .llowing routes::String) [],    
 RemoteException
    + FullyQualifiedErrorId : Nat 
   iveCommandError
 
  - /_next/static/:path*

Setting a custom Cache-Control 
header can break Next.js 
development behavior.
Γû▓ Next.js 16.2.6 (Turbopack)
- Environments: .env.local
- Experiments (use with caution):
  ┬╖ optimizePackageImports
  ┬╖ staleTimes

  Creating an optimized production build ...
Γ£ô Compiled successfully in 14.7s
  Running TypeScript ...
  Finished TypeScript in 14.7s ...
  Collecting page data using 7 workers ...
Error: Failed to load external 
module 
server-only-f9be525f444973bf: 
Error: This module cannot be 
imported from a Client Component 
module. It should only be used 
from a Server Component.
    at Context.externalRequire 
[as x] (C:\Users\DELL\Desktop\call
-center-crm\.next\server\chunks\ss
r\[turbopack]_runtime.js:624:15)
    at module evaluation (C:\Users
\DELL\Desktop\call-center-crm\.nex
t\server\chunks\ssr\[root-of-the-s
erver]__0uvyhtb._.js:1:741)
    at instantiateModule (C:\Users
\DELL\Desktop\call-center-crm\.nex
t\server\chunks\ssr\[turbopack]_ru
ntime.js:853:9)
    at 
getOrInstantiateModuleFromParent (
C:\Users\DELL\Desktop\call-center-
crm\.next\server\chunks\ssr\[turbo
pack]_runtime.js:877:12)
    at Context.esmImport [as i] (C
:\Users\DELL\Desktop\call-center-c
rm\.next\server\chunks\ssr\[turbop
ack]_runtime.js:281:20)
    at module evaluation (C:\Users
\DELL\Desktop\call-center-crm\.nex
t\server\chunks\ssr\[root-of-the-s
erver]__090jxzh._.js:8:90224)
    at instantiateModule (C:\Users
\DELL\Desktop\call-center-crm\.nex
t\server\chunks\ssr\[turbopack]_ru
ntime.js:853:9)
    at 
getOrInstantiateModuleFromParent (
C:\Users\DELL\Desktop\call-center-
crm\.next\server\chunks\ssr\[turbo
pack]_runtime.js:877:12)
    at Context.esmImport [as i] (C
:\Users\DELL\Desktop\call-center-c
rm\.next\server\chunks\ssr\[turbop
ack]_runtime.js:281:20)

> Build error occurred
Error: Failed to collect page 
data for /_not-found
    at ignore-listed frames {
  type: 'Error'
}
